<?xml version="1.0" encoding="UTF-8"?>
<testng-results ignored="0" total="11" passed="11" failed="0" skipped="0">
  <reporter-output>
  </reporter-output>
  <suite started-at="2023-08-30T23:02:53 IST" name="Test cases suite on e-commerce application" finished-at="2023-08-30T23:06:21 IST" duration-ms="207605">
    <groups>
      <group name="Regression_Test">
        <method signature="QKART_Tests.TestCase04()[pri:4, instance:QKART_TESTNG.QKART_Tests@3129ca03]" name="TestCase04" class="QKART_TESTNG.QKART_Tests"/>
        <method signature="QKART_Tests.TestCase06(java.lang.String,java.lang.String)[pri:6, instance:QKART_TESTNG.QKART_Tests@3129ca03]" name="TestCase06" class="QKART_TESTNG.QKART_Tests"/>
        <method signature="QKART_Tests.TestCase08()[pri:8, instance:QKART_TESTNG.QKART_Tests@3129ca03]" name="TestCase08" class="QKART_TESTNG.QKART_Tests"/>
        <method signature="QKART_Tests.TestCase09()[pri:9, instance:QKART_TESTNG.QKART_Tests@3129ca03]" name="TestCase09" class="QKART_TESTNG.QKART_Tests"/>
        <method signature="QKART_Tests.TestCase10()[pri:10, instance:QKART_TESTNG.QKART_Tests@3129ca03]" name="TestCase10" class="QKART_TESTNG.QKART_Tests"/>
      </group> <!-- Regression_Test -->
      <group name="Sanity_test">
        <method signature="QKART_Tests.TestCase01(java.lang.String,java.lang.String)[pri:1, instance:QKART_TESTNG.QKART_Tests@3129ca03]" name="TestCase01" class="QKART_TESTNG.QKART_Tests"/>
        <method signature="QKART_Tests.TestCase02()[pri:2, instance:QKART_TESTNG.QKART_Tests@3129ca03]" name="TestCase02" class="QKART_TESTNG.QKART_Tests"/>
        <method signature="QKART_Tests.TestCase03()[pri:3, instance:QKART_TESTNG.QKART_Tests@3129ca03]" name="TestCase03" class="QKART_TESTNG.QKART_Tests"/>
        <method signature="QKART_Tests.TestCase05(java.lang.String,java.lang.String,java.lang.String)[pri:5, instance:QKART_TESTNG.QKART_Tests@3129ca03]" name="TestCase05" class="QKART_TESTNG.QKART_Tests"/>
        <method signature="QKART_Tests.TestCase07(java.lang.String,int)[pri:7, instance:QKART_TESTNG.QKART_Tests@3129ca03]" name="TestCase07" class="QKART_TESTNG.QKART_Tests"/>
        <method signature="QKART_Tests.TestCase11()[pri:11, instance:QKART_TESTNG.QKART_Tests@3129ca03]" name="TestCase11" class="QKART_TESTNG.QKART_Tests"/>
      </group> <!-- Sanity_test -->
    </groups>
    <test started-at="2023-08-30T23:02:53 IST" name="Test case execution on Chrome browser" finished-at="2023-08-30T23:06:21 IST" duration-ms="207605">
      <class name="QKART_TESTNG.QKART_Tests">
        <test-method is-config="true" signature="createDriver()[pri:0, instance:QKART_TESTNG.QKART_Tests@3129ca03]" started-at="2023-08-30T23:02:51 IST" name="createDriver" finished-at="2023-08-30T23:02:53 IST" duration-ms="2327" status="PASS">
          <reporter-output>
          </reporter-output>
        </test-method> <!-- createDriver -->
        <test-method signature="TestCase01(java.lang.String,java.lang.String)[pri:1, instance:QKART_TESTNG.QKART_Tests@3129ca03]" started-at="2023-08-30T23:02:54 IST" name="TestCase01" description="TestCase01: Verify registration happens correctly" finished-at="2023-08-30T23:03:02 IST" duration-ms="8009" status="PASS">
          <params>
            <param index="0">
              <value>
                <![CDATA[defaultUser]]>
              </value>
            </param>
            <param index="1">
              <value>
                <![CDATA[abc@123]]>
              </value>
            </param>
          </params>
          <reporter-output>
          </reporter-output>
        </test-method> <!-- TestCase01 -->
        <test-method signature="TestCase02()[pri:2, instance:QKART_TESTNG.QKART_Tests@3129ca03]" started-at="2023-08-30T23:03:02 IST" name="TestCase02" description="TestCase02: Verify re-registering an already registered user fails" finished-at="2023-08-30T23:03:36 IST" duration-ms="34207" status="PASS">
          <reporter-output>
          </reporter-output>
        </test-method> <!-- TestCase02 -->
        <test-method signature="TestCase03()[pri:3, instance:QKART_TESTNG.QKART_Tests@3129ca03]" started-at="2023-08-30T23:03:36 IST" name="TestCase03" description="TestCase03: Verify the functionality of search text box" finished-at="2023-08-30T23:03:44 IST" duration-ms="7794" status="PASS">
          <reporter-output>
          </reporter-output>
        </test-method> <!-- TestCase03 -->
        <test-method signature="TestCase04()[pri:4, instance:QKART_TESTNG.QKART_Tests@3129ca03]" started-at="2023-08-30T23:03:44 IST" name="TestCase04" description="TestCase04: Verify the existence of size chart for certain items and validate contents of size chart" finished-at="2023-08-30T23:04:03 IST" duration-ms="19595" status="PASS">
          <reporter-output>
          </reporter-output>
        </test-method> <!-- TestCase04 -->
        <test-method signature="TestCase05(java.lang.String,java.lang.String,java.lang.String)[pri:5, instance:QKART_TESTNG.QKART_Tests@3129ca03]" started-at="2023-08-30T23:04:03 IST" name="TestCase05" description="TestCase05: Verify that a new user can add multiple products in to the cart and Checkout" finished-at="2023-08-30T23:04:26 IST" duration-ms="22768" status="PASS">
          <params>
            <param index="0">
              <value>
                <![CDATA[YONEX Smash Badminton Racquet]]>
              </value>
            </param>
            <param index="1">
              <value>
                <![CDATA[Tan Leatherette Weekender Duffle]]>
              </value>
            </param>
            <param index="2">
              <value>
                <![CDATA[Addr line 1 addr Line 2 addr line 3]]>
              </value>
            </param>
          </params>
          <reporter-output>
          </reporter-output>
        </test-method> <!-- TestCase05 -->
        <test-method signature="TestCase06(java.lang.String,java.lang.String)[pri:6, instance:QKART_TESTNG.QKART_Tests@3129ca03]" started-at="2023-08-30T23:04:26 IST" name="TestCase06" description="TestCase06: Verify that the contents of the cart can be edited" finished-at="2023-08-30T23:04:53 IST" duration-ms="27158" status="PASS">
          <params>
            <param index="0">
              <value>
                <![CDATA[Xtend Smart Watch]]>
              </value>
            </param>
            <param index="1">
              <value>
                <![CDATA[Yarine Floor Lamp]]>
              </value>
            </param>
          </params>
          <reporter-output>
          </reporter-output>
        </test-method> <!-- TestCase06 -->
        <test-method signature="TestCase07(java.lang.String,int)[pri:7, instance:QKART_TESTNG.QKART_Tests@3129ca03]" started-at="2023-08-30T23:04:53 IST" name="TestCase07" description="TestCase07: Verify that insufficient balance error is thrown when the wallet balance is not enough" finished-at="2023-08-30T23:05:33 IST" duration-ms="39366" status="PASS">
          <params>
            <param index="0">
              <value>
                <![CDATA[Stylecon 9 Seater RHS Sofa Set]]>
              </value>
            </param>
            <param index="1">
              <value>
                <![CDATA[60]]>
              </value>
            </param>
          </params>
          <reporter-output>
          </reporter-output>
        </test-method> <!-- TestCase07 -->
        <test-method signature="TestCase08()[pri:8, instance:QKART_TESTNG.QKART_Tests@3129ca03]" started-at="2023-08-30T23:05:33 IST" name="TestCase08" description="TestCase08: Verify that a product added to a cart is available when a new tab is added" finished-at="2023-08-30T23:05:47 IST" duration-ms="14873" status="PASS">
          <reporter-output>
          </reporter-output>
        </test-method> <!-- TestCase08 -->
        <test-method signature="TestCase09()[pri:9, instance:QKART_TESTNG.QKART_Tests@3129ca03]" started-at="2023-08-30T23:05:47 IST" name="TestCase09" description="TestCase09: Verify that privacy policy and about us links are working fine" finished-at="2023-08-30T23:05:56 IST" duration-ms="8325" status="PASS">
          <reporter-output>
          </reporter-output>
        </test-method> <!-- TestCase09 -->
        <test-method signature="TestCase10()[pri:10, instance:QKART_TESTNG.QKART_Tests@3129ca03]" started-at="2023-08-30T23:05:56 IST" name="TestCase10" description="TestCase10: Verify that the contact us dialog works fine" finished-at="2023-08-30T23:05:58 IST" duration-ms="2130" status="PASS">
          <reporter-output>
          </reporter-output>
        </test-method> <!-- TestCase10 -->
        <test-method signature="TestCase11()[pri:11, instance:QKART_TESTNG.QKART_Tests@3129ca03]" started-at="2023-08-30T23:05:58 IST" name="TestCase11" description="TestCase11: Ensure that the Advertisement Links on the QKART page are clickable" finished-at="2023-08-30T23:06:21 IST" duration-ms="23201" status="PASS">
          <reporter-output>
          </reporter-output>
        </test-method> <!-- TestCase11 -->
      </class> <!-- QKART_TESTNG.QKART_Tests -->
    </test> <!-- Test case execution on Chrome browser -->
  </suite> <!-- Test cases suite on e-commerce application -->
</testng-results>
